- Wenn man von Verlauf ausloggt kommt 404 error